Archive member included to satisfy reference by file (symbol)

arch/arm/lib/lib.a(ashldi3.o)
                              drivers/mmc/built-in.o (__aeabi_llsl)
arch/arm/lib/lib.a(lib1funcs.o)
                              arch/arm/cpu/armv7/built-in.o (__aeabi_uidiv)
arch/arm/lib/lib.a(lshrdi3.o)
                              fs/built-in.o (__aeabi_llsr)
arch/arm/lib/lib.a(div0.o)    arch/arm/lib/lib.a(lib1funcs.o) (__div0)

Discarded input sections

 .data          0x0000000000000000        0x0 arch/arm/cpu/armv7/start.o
 .bss           0x0000000000000000        0x0 arch/arm/cpu/armv7/start.o
 .text.v7_outer_cache_enable
                0x0000000000000000        0x4 arch/arm/cpu/armv7/built-in.o
 .text.v7_outer_cache_disable
                0x0000000000000000        0x4 arch/arm/cpu/armv7/built-in.o
 .text.v7_outer_cache_flush_all
                0x0000000000000000        0x4 arch/arm/cpu/armv7/built-in.o
 .text.v7_outer_cache_inval_all
                0x0000000000000000        0x4 arch/arm/cpu/armv7/built-in.o
 .text.v7_outer_cache_flush_range
                0x0000000000000000        0x4 arch/arm/cpu/armv7/built-in.o
 .text.v7_outer_cache_inval_range
                0x0000000000000000        0x4 arch/arm/cpu/armv7/built-in.o
 .text.v7_arch_cp15_set_l2aux_ctrl
                0x0000000000000000        0x8 arch/arm/cpu/armv7/built-in.o
 .text.v7_arch_cp15_set_acr
                0x0000000000000000        0x8 arch/arm/cpu/armv7/built-in.o
 .text.sdelay   0x0000000000000000        0xc arch/arm/cpu/armv7/built-in.o
 .text.wait_on_value
                0x0000000000000000       0x34 arch/arm/cpu/armv7/built-in.o
 .text.board_mmc_get_env_dev
                0x0000000000000000        0x8 arch/arm/cpu/armv7/built-in.o
 .text.enable_enet_clk
                0x0000000000000000       0x48 arch/arm/cpu/armv7/built-in.o
 .text.enable_uart_clk
                0x0000000000000000       0x4c arch/arm/cpu/armv7/built-in.o
 .text.enable_usdhc_clk
                0x0000000000000000       0x4c arch/arm/cpu/armv7/built-in.o
 .text.enable_spi_clk
                0x0000000000000000       0x44 arch/arm/cpu/armv7/built-in.o
 .text.enable_fec_anatop_clock
                0x0000000000000000       0xe4 arch/arm/cpu/armv7/built-in.o
 .text.select_ldb_di_clock_source
                0x0000000000000000      0x180 arch/arm/cpu/armv7/built-in.o
 .data          0x0000000000000000        0x0 arch/arm/cpu/armv7/built-in.o
 .bss           0x0000000000000000        0x0 arch/arm/cpu/armv7/built-in.o
 .text          0x0000000000000000        0x0 arch/arm/imx-common/built-in.o
 .text.get_imx_reset_cause
                0x0000000000000000       0x10 arch/arm/imx-common/built-in.o
 .text.set_chipselect_size
                0x0000000000000000       0x84 arch/arm/imx-common/built-in.o
 .text.mxs_wait_mask_set
                0x0000000000000000       0x3c arch/arm/imx-common/built-in.o
 .text.mxs_wait_mask_clr
                0x0000000000000000       0x3c arch/arm/imx-common/built-in.o
 .text.mxs_reset_block
                0x0000000000000000       0x90 arch/arm/imx-common/built-in.o
 .data          0x0000000000000000        0x0 arch/arm/imx-common/built-in.o
 .bss           0x0000000000000000        0x0 arch/arm/imx-common/built-in.o
 .text.reset_misc
                0x0000000000000000        0x4 arch/arm/lib/built-in.o
 .text.enable_caches
                0x0000000000000000        0xc arch/arm/lib/built-in.o
 .text.invalidate_dcache_range
                0x0000000000000000        0x4 arch/arm/lib/built-in.o
 .text.flush_dcache_range
                0x0000000000000000        0x4 arch/arm/lib/built-in.o
 .text.flush_dcache_all
                0x0000000000000000        0xc arch/arm/lib/built-in.o
 .text.arm_init_before_mmu
                0x0000000000000000        0x4 arch/arm/lib/built-in.o
 .text.mmu_page_table_flush
                0x0000000000000000        0x4 arch/arm/lib/built-in.o
 .rodata.pl310  0x0000000000000000        0x4 arch/arm/lib/built-in.o
 .data          0x0000000000000000        0x0 arch/arm/lib/built-in.o
 .__secure_end  0x0000000000000000        0x0 arch/arm/lib/built-in.o
 .__secure_start
                0x0000000000000000        0x0 arch/arm/lib/built-in.o
 .bss           0x0000000000000000        0x0 arch/arm/lib/built-in.o
 .text          0x0000000000000000        0x0 board/freescale/common/built-in.o
 .data          0x0000000000000000        0x0 board/freescale/common/built-in.o
 .bss           0x0000000000000000        0x0 board/freescale/common/built-in.o
 .text          0x0000000000000000        0x0 board/freescale/mx6sabresd/built-in.o
 .data          0x0000000000000000        0x0 board/freescale/mx6sabresd/built-in.o
 .bss           0x0000000000000000        0x0 board/freescale/mx6sabresd/built-in.o
 .text          0x0000000000000000        0x0 cmd/built-in.o
 .text.bootz_setup
                0x0000000000000000       0x18 cmd/built-in.o
 .text.invalidate_icache_all
[...]
Memory Configuration

Name             Origin             Length             Attributes
*default*        0x0000000000000000 0xffffffffffffffff

Linker script and memory map

Address of section .text set to 0x17800000
                0x0000000000000000                . = 0x0
                0x0000000000000000                . = ALIGN (0x4)

.text           0x0000000017800000    0x4d734
 *(.__image_copy_start)
 .__image_copy_start
                0x0000000017800000        0x0 arch/arm/lib/built-in.o
                0x0000000017800000                __image_copy_start
 *(.vectors)
 .vectors       0x0000000017800000      0x2e8 arch/arm/lib/built-in.o
                0x0000000017800000                _start
                0x0000000017800020                _undefined_instruction
                0x0000000017800024                _software_interrupt
                0x0000000017800028                _prefetch_abort
                0x000000001780002c                _data_abort
                0x0000000017800030                _not_used
                0x0000000017800034                _irq
                0x0000000017800038                _fiq
                0x0000000017800040                IRQ_STACK_START_IN
 arch/arm/cpu/armv7/start.o(.text*)
 .text          0x00000000178002e8       0xe0 arch/arm/cpu/armv7/start.o
                0x00000000178002e8                reset
                0x00000000178002ec                save_boot_params_ret
                0x0000000017800328                c_runtime_cpu_setup
                0x0000000017800338                save_boot_params
                0x000000001780033c                cpu_init_cp15
                0x00000000178003c0                cpu_init_crit
 *(.text*)
 .text          0x00000000178003c8      0x16c arch/arm/cpu/armv7/built-in.o
                0x00000000178003c8                __v7_flush_dcache_all
                0x000000001780045c                v7_flush_dcache_all
                0x000000001780046c                __v7_invalidate_dcache_all
                0x0000000017800500                v7_invalidate_dcache_all
                0x0000000017800510                lowlevel_init
 .text.invalidate_icache_all
                0x0000000017800534       0x18 arch/arm/cpu/armv7/built-in.o
                0x0000000017800534                invalidate_icache_all
 .text.flush_dcache_all
                0x000000001780054c       0x10 arch/arm/cpu/armv7/built-in.o
                0x000000001780054c                flush_dcache_all
 .text.invalidate_dcache_all
                0x000000001780055c       0x10 arch/arm/cpu/armv7/built-in.o
                0x000000001780055c                invalidate_dcache_all
 .text.arm_init_before_mmu
                0x000000001780056c       0x28 arch/arm/cpu/armv7/built-in.o
                0x000000001780056c                arm_init_before_mmu
 .text.flush_dcache_range
                0x0000000017800594       0x38 arch/arm/cpu/armv7/built-in.o
                0x0000000017800594                flush_dcache_range
 .text.mmu_page_table_flush
                0x00000000178005cc       0x24 arch/arm/cpu/armv7/built-in.o
                0x00000000178005cc                mmu_page_table_flush
 .text.invalidate_dcache_range
                0x00000000178005f0       0xa8 arch/arm/cpu/armv7/built-in.o
                0x00000000178005f0                invalidate_dcache_range
 .text.cpu_cache_initialization
                0x0000000017800698        0x4 arch/arm/cpu/armv7/built-in.o
                0x0000000017800698                cpu_cache_initialization
 .text.cleanup_before_linux_select
                0x000000001780069c       0x4c arch/arm/cpu/armv7/built-in.o
                0x000000001780069c                cleanup_before_linux_select
 .text.cleanup_before_linux
                0x00000000178006e8        0x8 arch/arm/cpu/armv7/built-in.o
                0x00000000178006e8                cleanup_before_linux
 .text.get_nr_cpus
                0x00000000178006f0       0x10 arch/arm/cpu/armv7/built-in.o
                0x00000000178006f0                get_nr_cpus
 .text.get_cpu_rev
                0x0000000017800700       0x90 arch/arm/cpu/armv7/built-in.o
                0x0000000017800700                get_cpu_rev
 .text.get_cpu_speed_grade_hz
                0x0000000017800790      0x118 arch/arm/cpu/armv7/built-in.o
                0x0000000017800790                get_cpu_speed_grade_hz
 .text.get_cpu_temp_grade
                0x00000000178008a8       0x68 arch/arm/cpu/armv7/built-in.o
                0x00000000178008a8                get_cpu_temp_grade
 .text.get_board_rev
                0x0000000017800910       0x30 arch/arm/cpu/armv7/built-in.o
                0x0000000017800910                get_board_rev
 .text.arch_cpu_init
                0x0000000017800940       0xd0 arch/arm/cpu/armv7/built-in.o
                0x0000000017800940                arch_cpu_init
 .text.mmc_get_env_dev
                0x0000000017800a10       0x28 arch/arm/cpu/armv7/built-in.o
                0x0000000017800a10                mmc_get_env_dev
 .text.board_postclk_init
                0x0000000017800a38       0x58 arch/arm/cpu/armv7/built-in.o
                0x0000000017800a38                board_postclk_init
 .text.imx_get_mac_from_fuse
                0x0000000017800a90       0xa8 arch/arm/cpu/armv7/built-in.o
                0x0000000017800a90                imx_get_mac_from_fuse
 .text.reset_misc
                0x0000000017800b38        0x4 arch/arm/cpu/armv7/built-in.o
                0x0000000017800b38                reset_misc
 .text.s_init   0x0000000017800b3c       0x88 arch/arm/cpu/armv7/built-in.o
                0x0000000017800b3c                s_init
 .text.imx_enable_hdmi_phy
                0x0000000017800bc4       0x4c arch/arm/cpu/armv7/built-in.o
                0x0000000017800bc4                imx_enable_hdmi_phy
 .text.imx_setup_hdmi
                0x0000000017800c10       0x78 arch/arm/cpu/armv7/built-in.o
                0x0000000017800c10                imx_setup_hdmi
 .text.get_ipg_clk
                0x0000000017800c88       0x28 arch/arm/cpu/armv7/built-in.o
 .text.get_uart_clk
                0x0000000017800cb0       0xb8 arch/arm/cpu/armv7/built-in.o
 .text.mxc_get_pll_pfd
                0x0000000017800d68       0xbc arch/arm/cpu/armv7/built-in.o
 .text.get_usdhc_clk
                0x0000000017800e24       0x8c arch/arm/cpu/armv7/built-in.o
 .text.enable_ocotp_clk
                0x0000000017800eb0       0x24 arch/arm/cpu/armv7/built-in.o
                0x0000000017800eb0                enable_ocotp_clk
 .text.enable_usboh3_clk
                0x0000000017800ed4       0x24 arch/arm/cpu/armv7/built-in.o
                0x0000000017800ed4                enable_usboh3_clk
 .text.enable_i2c_clk
                0x0000000017800ef8       0xa8 arch/arm/cpu/armv7/built-in.o
                0x0000000017800ef8                enable_i2c_clk
 .text.get_periph_clk
                0x0000000017800fa0       0xdc arch/arm/cpu/armv7/built-in.o
                0x0000000017800fa0                get_periph_clk
 .text.get_axi_clk
                0x000000001780107c       0x4c arch/arm/cpu/armv7/built-in.o
 .text.imx_get_uartclk
                0x00000000178010c8        0x4 arch/arm/cpu/armv7/built-in.o
                0x00000000178010c8                imx_get_uartclk
 .text.enable_pcie_clock
                0x00000000178010cc       0xb8 arch/arm/cpu/armv7/built-in.o
                0x00000000178010cc                enable_pcie_clock
 .text.enable_thermal_clk
                0x0000000017801184       0x48 arch/arm/cpu/armv7/built-in.o
                0x0000000017801184                enable_thermal_clk
 .text.mxc_get_clock
                0x00000000178011cc      0x444 arch/arm/cpu/armv7/built-in.o
                0x00000000178011cc                mxc_get_clock
 .text.imx_get_fecclk
                0x0000000017801610        0x8 arch/arm/cpu/armv7/built-in.o
                0x0000000017801610                imx_get_fecclk
 .text.do_mx6_showclocks
                0x0000000017801618      0x268 arch/arm/cpu/armv7/built-in.o
                0x0000000017801618                do_mx6_showclocks
 .text.enable_ipu_clock
                0x0000000017801880       0x58 arch/arm/cpu/armv7/built-in.o
                0x0000000017801880                enable_ipu_clock
 .text.cpu_reset
                0x00000000178018d8       0x28 arch/arm/cpu/armv7/built-in.o
                0x00000000178018d8                cpu_reset
 .text.cpu_status
                0x0000000017801900       0x40 arch/arm/cpu/armv7/built-in.o
                0x0000000017801900                cpu_status
 .text.cpu_release
                0x0000000017801940       0x84 arch/arm/cpu/armv7/built-in.o
                0x0000000017801940                cpu_release
 .text.is_core_valid
                0x00000000178019c4       0x1c arch/arm/cpu/armv7/built-in.o
                0x00000000178019c4                is_core_valid
 .text.cpu_disable
                0x00000000178019e0       0x28 arch/arm/cpu/armv7/built-in.o
                0x00000000178019e0                cpu_disable
 .text.imx_iomux_v3_setup_pad
                0x0000000017801a08       0xd0 arch/arm/imx-common/built-in.o
                0x0000000017801a08                imx_iomux_v3_setup_pad
 .text.imx_iomux_v3_setup_multiple_pads
                0x0000000017801ad8       0x2c arch/arm/imx-common/built-in.o
                0x0000000017801ad8                imx_iomux_v3_setup_multiple_pads
 .text.imx_iomux_set_gpr_register
                0x0000000017801b04       0x3c arch/arm/imx-common/built-in.o
                0x0000000017801b04                imx_iomux_set_gpr_register
 .text.timer_init
                0x0000000017801b40      0x148 arch/arm/imx-common/built-in.o
                0x0000000017801b40                timer_init
 .text.timer_read_counter
                0x0000000017801c88       0x10 arch/arm/imx-common/built-in.o
                0x0000000017801c88                timer_read_counter
 .text.get_tbclk
                0x0000000017801c98       0xb0 arch/arm/imx-common/built-in.o
                0x0000000017801c98                get_tbclk
 .text.imx_ddr_size
                0x0000000017801d48       0x64 arch/arm/imx-common/built-in.o
                0x0000000017801d48                imx_ddr_size
 .text.get_imx_type
                0x0000000017801dac       0x20 arch/arm/imx-common/built-in.o
                0x0000000017801dac                get_imx_type
 .text.print_cpuinfo
                0x0000000017801dcc      0x228 arch/arm/imx-common/built-in.o
                0x0000000017801dcc                print_cpuinfo
 .text.cpu_eth_init
                0x0000000017801ff4        0x4 arch/arm/imx-common/built-in.o
                0x0000000017801ff4                cpu_eth_init
 .text.cpu_mmc_init
                0x0000000017801ff8        0x4 arch/arm/imx-common/built-in.o
                0x0000000017801ff8                cpu_mmc_init
 .text.get_ahb_clk
                0x0000000017801ffc       0x24 arch/arm/imx-common/built-in.o
                0x0000000017801ffc                get_ahb_clk
 .text.arch_preboot_os
                0x0000000017802020        0x4 arch/arm/imx-common/built-in.o
                0x0000000017802020                arch_preboot_os
 .text.get_clocks
                0x0000000017802024       0x1c arch/arm/imx-common/built-in.o
                0x0000000017802024                get_clocks
 .text.force_idle_bus
                0x0000000017802040      0x124 arch/arm/imx-common/built-in.o
                0x0000000017802040                force_idle_bus
 .text.setup_i2c
                0x0000000017802164       0xe4 arch/arm/imx-common/built-in.o
                0x0000000017802164                setup_i2c
 .text.enable_caches
                0x0000000017802248       0x34 arch/arm/imx-common/built-in.o
                0x0000000017802248                enable_caches
 .text.v7_outer_cache_enable
                0x000000001780227c       0x54 arch/arm/imx-common/built-in.o
                0x000000001780227c                v7_outer_cache_enable
 .text.v7_outer_cache_disable
                0x00000000178022d0       0x18 arch/arm/imx-common/built-in.o
                0x00000000178022d0                v7_outer_cache_disable
 .text.init_aips
                0x00000000178022e8       0xb0 arch/arm/imx-common/built-in.o
                0x00000000178022e8                init_aips
 .text.imx_set_wdog_powerdown
                0x0000000017802398       0x80 arch/arm/imx-common/built-in.o
                0x0000000017802398                imx_set_wdog_powerdown
 .text.init_src
                0x0000000017802418       0x18 arch/arm/imx-common/built-in.o
                0x0000000017802418                init_src
 .text.boot_mode_apply
                0x0000000017802430       0x24 arch/arm/imx-common/built-in.o
                0x0000000017802430                boot_mode_apply
 .text.board_video_skip
                0x0000000017802454      0x16c arch/arm/imx-common/built-in.o
                0x0000000017802454                board_video_skip
 .text.detect_hdmi
                0x00000000178025c0       0x18 arch/arm/imx-common/built-in.o
                0x00000000178025c0                detect_hdmi
 .text.create_usage
                0x00000000178025d8       0xac arch/arm/imx-common/built-in.o
 .text.do_boot_mode
                0x0000000017802684       0xd4 arch/arm/imx-common/built-in.o
 .text.add_board_boot_modes
                0x0000000017802758       0x60 arch/arm/imx-common/built-in.o
                0x0000000017802758                add_board_boot_modes
 .text          0x00000000178027b8       0x90 arch/arm/lib/built-in.o
                0x00000000178027b8                _main
 .text.relocate_vectors
                0x0000000017802848       0x70 arch/arm/lib/built-in.o
                0x0000000017802848                relocate_vectors
                0x0000000017802854                relocate_code
 .text.arch_fixup_fdt
                0x00000000178028b8       0x38 arch/arm/lib/built-in.o
                0x00000000178028b8                arch_fixup_fdt
 .text.boot_jump_linux
                0x00000000178028f0       0xc4 arch/arm/lib/built-in.o
 .text.arch_lmb_reserve
                0x00000000178029b4       0x24 arch/arm/lib/built-in.o
                0x00000000178029b4                arch_lmb_reserve
 .text.setup_board_tags
                0x00000000178029d8        0x4 arch/arm/lib/built-in.o
                0x00000000178029d8                setup_board_tags
 .text.boot_prep_linux
                0x00000000178029dc      0x1d4 arch/arm/lib/built-in.o
 .text.do_bootm_linux
                0x0000000017802bb0       0x64 arch/arm/lib/built-in.o
                0x0000000017802bb0                do_bootm_linux
 .text.bootz_setup
                0x0000000017802c14       0x58 arch/arm/lib/built-in.o
                0x0000000017802c14                bootz_setup
 .text.boot_prep_vxworks
                0x0000000017802c6c       0x50 arch/arm/lib/built-in.o
                0x0000000017802c6c                boot_prep_vxworks
 .text.boot_jump_vxworks
                0x0000000017802cbc        0xc arch/arm/lib/built-in.o
                0x0000000017802cbc                boot_jump_vxworks
 .text.pl310_background_op_all_ways
                0x0000000017802cc8       0x38 arch/arm/lib/built-in.o
 .text.v7_outer_cache_inval_all
                0x0000000017802d00        0xc arch/arm/lib/built-in.o
                0x0000000017802d00                v7_outer_cache_inval_all
 .text.v7_outer_cache_flush_all
                0x0000000017802d0c        0xc arch/arm/lib/built-in.o
                0x0000000017802d0c                v7_outer_cache_flush_all
 .text.v7_outer_cache_flush_range
                0x0000000017802d18       0x30 arch/arm/lib/built-in.o
                0x0000000017802d18                v7_outer_cache_flush_range
 .text.v7_outer_cache_inval_range
                0x0000000017802d48       0x80 arch/arm/lib/built-in.o
                0x0000000017802d48                v7_outer_cache_inval_range
 .text.arch_reserve_stacks
                0x0000000017802dc8       0x1c arch/arm/lib/built-in.o
                0x0000000017802dc8                arch_reserve_stacks
 .text.interrupt_init
                0x0000000017802de4       0x1c arch/arm/lib/built-in.o
                0x0000000017802de4                interrupt_init
 .text.enable_interrupts
                0x0000000017802e00        0x4 arch/arm/lib/built-in.o
                0x0000000017802e00                enable_interrupts
 .text.disable_interrupts
                0x0000000017802e04        0x8 arch/arm/lib/built-in.o
                0x0000000017802e04                disable_interrupts
 .text.bad_mode
                0x0000000017802e0c       0x10 arch/arm/lib/built-in.o
                0x0000000017802e0c                bad_mode
 .text.show_regs
                0x0000000017802e1c      0x174 arch/arm/lib/built-in.o
                0x0000000017802e1c                show_regs
 .text.do_undefined_instruction
                0x0000000017802f90       0x24 arch/arm/lib/built-in.o
                0x0000000017802f90                do_undefined_instruction
 .text.do_software_interrupt
                0x0000000017802fb4       0x24 arch/arm/lib/built-in.o
                0x0000000017802fb4                do_software_interrupt
 .text.do_prefetch_abort
                0x0000000017802fd8       0x24 arch/arm/lib/built-in.o
                0x0000000017802fd8                do_prefetch_abort
 .text.do_data_abort
                0x0000000017802ffc       0x24 arch/arm/lib/built-in.o
                0x0000000017802ffc                do_data_abort
 .text.do_not_used
                0x0000000017803020       0x24 arch/arm/lib/built-in.o
                0x0000000017803020                do_not_used
 .text.do_fiq   0x0000000017803044       0x24 arch/arm/lib/built-in.o
                0x0000000017803044                do_fiq
 .text.do_irq   0x0000000017803068       0x24 arch/arm/lib/built-in.o
                0x0000000017803068                do_irq
 .text.do_reset
                0x000000001780308c       0x30 arch/arm/lib/built-in.o
                0x000000001780308c                do_reset
 .text.flush_cache
                0x00000000178030bc        0x8 arch/arm/lib/built-in.o
                0x00000000178030bc                flush_cache
 .text.cp_delay
                0x00000000178030c4       0x30 arch/arm/lib/built-in.o
 .text.arm_init_domains
                0x00000000178030f4        0x4 arch/arm/lib/built-in.o
                0x00000000178030f4                arm_init_domains
 .text.set_section_dcache
                0x00000000178030f8       0x14 arch/arm/lib/built-in.o
                0x00000000178030f8                set_section_dcache
 .text.mmu_set_region_dcache_behaviour
                0x000000001780310c       0x4c arch/arm/lib/built-in.o
                0x000000001780310c                mmu_set_region_dcache_behaviour
 .text.dram_bank_mmu_setup
                0x0000000017803158       0x44 arch/arm/lib/built-in.o
                0x0000000017803158                dram_bank_mmu_setup
 .text.icache_enable
                0x000000001780319c       0x18 arch/arm/lib/built-in.o
                0x000000001780319c                icache_enable
 .text.icache_disable
                0x00000000178031b4       0x20 arch/arm/lib/built-in.o
                0x00000000178031b4                icache_disable
 .text.icache_status
                0x00000000178031d4        0xc arch/arm/lib/built-in.o
                0x00000000178031d4                icache_status
 .text.dcache_enable
                0x00000000178031e0       0x7c arch/arm/lib/built-in.o
                0x00000000178031e0                dcache_enable
 .text.dcache_disable
                0x000000001780325c       0x2c arch/arm/lib/built-in.o
                0x000000001780325c                dcache_disable
 .text.dcache_status
                0x0000000017803288        0xc arch/arm/lib/built-in.o
                0x0000000017803288                dcache_status
 .text.pfuze_mode_init
                0x0000000017803294       0xd4 board/freescale/common/built-in.o
                0x0000000017803294                pfuze_mode_init
 .text.pfuze_common_init
                0x0000000017803368      0x10c board/freescale/common/built-in.o
                0x0000000017803368                pfuze_common_init
 .text.enable_backlight
                0x0000000017803474       0x24 board/freescale/mx6sabresd/built-in.o
 .text.enable_rgb
                0x0000000017803498       0x1c board/freescale/mx6sabresd/built-in.o
 .text.enable_lvds
                0x00000000178034b4        0x4 board/freescale/mx6sabresd/built-in.o
 .text.do_enable_hdmi
                0x00000000178034b8       0x18 board/freescale/mx6sabresd/built-in.o
 .text.dram_init
                0x00000000178034d0       0x18 board/freescale/mx6sabresd/built-in.o
                0x00000000178034d0                dram_init
 .text.board_mmc_get_env_dev
                0x00000000178034e8        0x8 board/freescale/mx6sabresd/built-in.o
                0x00000000178034e8                board_mmc_get_env_dev
 .text.board_mmc_getcd
                0x00000000178034f0       0x60 board/freescale/mx6sabresd/built-in.o
                0x00000000178034f0                board_mmc_getcd
 .text.board_mmc_init
                0x0000000017803550       0xb8 board/freescale/mx6sabresd/built-in.o
                0x0000000017803550                board_mmc_init
 .text.overwrite_console
                0x0000000017803608        0x8 board/freescale/mx6sabresd/built-in.o
                0x0000000017803608                overwrite_console
 .text.board_eth_init
                0x0000000017803610       0x5c board/freescale/mx6sabresd/built-in.o
                0x0000000017803610                board_eth_init
 .text.board_ehci_hcd_init
                0x000000001780366c       0x28 board/freescale/mx6sabresd/built-in.o
                0x000000001780366c                board_ehci_hcd_init
 .text.board_ehci_power
                0x0000000017803694       0x48 board/freescale/mx6sabresd/built-in.o
                0x0000000017803694                board_ehci_power
 .text.board_early_init_f
                0x00000000178036dc       0x8c board/freescale/mx6sabresd/built-in.o
                0x00000000178036dc                board_early_init_f
 .text.board_init
                0x0000000017803768       0x7c board/freescale/mx6sabresd/built-in.o
                0x0000000017803768                board_init
 .text.power_init_board
                0x00000000178037e4       0x8c board/freescale/mx6sabresd/built-in.o
                0x00000000178037e4                power_init_board
 .text.board_spi_cs_gpio
                0x0000000017803870       0x10 board/freescale/mx6sabresd/built-in.o
                0x0000000017803870                board_spi_cs_gpio
 .text.board_late_init
                0x0000000017803880       0xbc board/freescale/mx6sabresd/built-in.o
                0x0000000017803880                board_late_init
 .text.checkboard
                0x000000001780393c       0x18 board/freescale/mx6sabresd/built-in.o
                0x000000001780393c                checkboard
 .text.do_go_exec
                0x0000000017803954       0x10 cmd/built-in.o
                0x0000000017803954                do_go_exec
 .text.do_go    0x0000000017803964       0x6c cmd/built-in.o
 .text.do_bootm
                0x00000000178039d0      0x10c cmd/built-in.o
                0x00000000178039d0                do_bootm
 .text.do_bootd
                0x0000000017803adc       0x20 cmd/built-in.o
                0x0000000017803adc                do_bootd
 .text.image_info
                0x0000000017803afc       0xec cmd/built-in.o
 .text.do_iminfo
                0x0000000017803be8       0x5c cmd/built-in.o
 .text.bootm_maybe_autostart
                0x0000000017803c44       0x78 cmd/built-in.o
                0x0000000017803c44                bootm_maybe_autostart
 .text.do_bootz
                0x0000000017803cbc       0xf8 cmd/built-in.o
                0x0000000017803cbc                do_bootz
 .text.do_help  0x0000000017803db4       0x44 cmd/built-in.o
 .text.do_version
                0x0000000017803df8       0x38 cmd/built-in.o
 .text.source   0x0000000017803e30       0xd8 cmd/built-in.o
                0x0000000017803e30                source
 .text.do_source
                0x0000000017803f08       0x44 cmd/built-in.o
 .text.print_num
                0x0000000017803f4c       0x14 cmd/built-in.o
 .text.do_bdinfo
                0x0000000017803f60      0x190 cmd/built-in.o
 .text.bootefi_open_dp
                0x00000000178040f0       0x14 cmd/built-in.o
 .text.do_bootefi_exec
                0x0000000017804104      0x288 cmd/built-in.o
 .text.do_bootefi
                0x000000001780438c       0x8c cmd/built-in.o
 .text.efi_set_bootdev
                0x0000000017804418       0xcc cmd/built-in.o
                0x0000000017804418                efi_set_bootdev
 .text.parse_argv
                0x00000000178044e4       0x64 cmd/built-in.o
 .text.do_icache
                0x0000000017804548       0x88 cmd/built-in.o
 .text.do_dcache
                0x00000000178045d0       0x88 cmd/built-in.o
 .text.do_coninfo
                0x0000000017804658       0xb0 cmd/built-in.o
 .text.do_echo  0x0000000017804708       0xb0 cmd/built-in.o
 .text.load_elf_image_shdr
                0x00000000178047b8       0x8c cmd/built-in.o
 .text.valid_elf_image
                0x0000000017804844       0x4c cmd/built-in.o
                0x0000000017804844                valid_elf_image
 .text.do_bootelf
                0x0000000017804890      0x1b0 cmd/built-in.o
                0x0000000017804890                do_bootelf
 .text.do_bootvx
                0x0000000017804a40      0x330 cmd/built-in.o
                0x0000000017804a40                do_bootvx
 .text.do_exit  0x0000000017804d70       0x3c cmd/built-in.o
 .text.do_ext4_size
                0x0000000017804dac       0x18 cmd/built-in.o
                0x0000000017804dac                do_ext4_size
 .text.do_ext4_load
                0x0000000017804dc4       0x18 cmd/built-in.o
                0x0000000017804dc4                do_ext4_load
 .text.do_ext4_ls
                0x0000000017804ddc       0x18 cmd/built-in.o
                0x0000000017804ddc                do_ext4_ls
 .text.do_ext4_write
                0x0000000017804df4       0x18 cmd/built-in.o
                0x0000000017804df4                do_ext4_write
 .text.do_ext2load
                0x0000000017804e0c       0x18 cmd/built-in.o
                0x0000000017804e0c                do_ext2load
 .text.do_ext2ls
                0x0000000017804e24       0x18 cmd/built-in.o
 .text.do_fat_size
                0x0000000017804e3c       0x18 cmd/built-in.o
                0x0000000017804e3c                do_fat_size
 .text.do_fat_fsload
                0x0000000017804e54       0x18 cmd/built-in.o
                0x0000000017804e54                do_fat_fsload
 .text.do_fat_ls
                0x0000000017804e6c       0x18 cmd/built-in.o
 .text.do_fat_fsinfo
                0x0000000017804e84       0x90 cmd/built-in.o
 .text.fdt_valid
                0x0000000017804f14       0xbc cmd/built-in.o
 .text.is_printable_string
                0x0000000017804fd0       0x9c cmd/built-in.o
 .text.print_data
                0x000000001780506c      0x174 cmd/built-in.o
 .text.set_working_fdt_addr
                0x00000000178051e0       0x1c cmd/built-in.o
                0x00000000178051e0                set_working_fdt_addr
 .text.do_fdt   0x00000000178051fc      0xe48 cmd/built-in.o
 .text.do_size_wrapper
                0x0000000017806044       0x18 cmd/built-in.o
 .text.do_load_wrapper
                0x000000001780605c       0x64 cmd/built-in.o
 .text.do_save_wrapper
                0x00000000178060c0       0x18 cmd/built-in.o
 .text.do_ls_wrapper
                0x00000000178060d8       0x18 cmd/built-in.o
 .text.do_fstype_wrapper
                0x00000000178060f0        0x4 cmd/built-in.o
 .text.strtou32
                0x00000000178060f4       0x44 cmd/built-in.o
 .text.do_fuse  0x0000000017806138      0x358 cmd/built-in.o
 .text.name_to_gpio
                0x0000000017806490        0xc cmd/built-in.o
                0x0000000017806490                name_to_gpio
 .text.do_gpio  0x000000001780649c      0x1c8 cmd/built-in.o
 .text.do_i2c   0x0000000017806664       0x68 cmd/built-in.o
 .text.do_i2c_bus_speed
                0x00000000178066cc       0x78 cmd/built-in.o
 .text.do_i2c_reset
                0x0000000017806744       0x2c cmd/built-in.o
 .text.do_i2c_probe
                0x0000000017806770       0x9c cmd/built-in.o
 .text.do_i2c_bus_num
                0x000000001780680c       0xb8 cmd/built-in.o
 .text.do_i2c_show_bus
                0x00000000178068c4       0xd0 cmd/built-in.o
 .text.get_alen.constprop.5
                0x0000000017806994       0x3c cmd/built-in.o
 .text.do_i2c_crc
                0x00000000178069d0      0x120 cmd/built-in.o
 .text.mod_i2c_mem.isra.3
                0x0000000017806af0      0x1f0 cmd/built-in.o
 .text.do_i2c_nm
                0x0000000017806ce0        0x8 cmd/built-in.o
 .text.do_i2c_mm
                0x0000000017806ce8        0x8 cmd/built-in.o
 .text.do_i2c_md
                0x0000000017806cf0      0x1e4 cmd/built-in.o
 .text.do_i2c_read
                0x0000000017806ed4       0xbc cmd/built-in.o
 .text.do_i2c_mw
                0x0000000017806f90       0xfc cmd/built-in.o
 .text.do_i2c_write
                0x000000001780708c      0x14c cmd/built-in.o
 .text.do_i2c_loop
                0x00000000178071d8       0xe4 cmd/built-in.o
 .text.i2c_init_board
                0x00000000178072bc        0x4 cmd/built-in.o
                0x00000000178072bc                i2c_init_board
 .text.evalexp  0x00000000178072c0       0x78 cmd/built-in.o
 .text.evalstr  0x0000000017807338       0x6c cmd/built-in.o
 .text.binary_test
                0x00000000178073a4      0x1c0 cmd/built-in.o
 .text.do_itest
                0x0000000017807564       0x88 cmd/built-in.o
 .text.bin_data_init
                0x00000000178075ec       0x2c cmd/built-in.o
 .text.k_data_save
                0x0000000017807618       0x4c cmd/built-in.o
 .text.k_data_restore
                0x0000000017807664       0x4c cmd/built-in.o
 .text.getcxmodem
                0x00000000178076b0       0x20 cmd/built-in.o
 .text.load_serial_ymodem
                0x00000000178076d0       0xcc cmd/built-in.o
 .text.bin_data_char
                0x000000001780779c       0x2c cmd/built-in.o
 .text.chk1.constprop.1
                0x00000000178077c8       0x2c cmd/built-in.o
 .text.s1_sendpacket.constprop.2
                0x00000000178077f4       0x50 cmd/built-in.o
 .text.load_serial
                0x0000000017807844      0x1f0 cmd/built-in.o
 .text.do_load_serial
                0x0000000017807a34       0xdc cmd/built-in.o
 .text.do_load_serial_bin
                0x0000000017807b10      0x7a4 cmd/built-in.o
 .text.do_mem_mw
                0x00000000178082b4       0xc0 cmd/built-in.o
 .text.do_mem_loop
                0x0000000017808374       0xec cmd/built-in.o
 .text.do_mem_md
                0x0000000017808460       0xe4 cmd/built-in.o
 .text.do_mem_cmp
                0x0000000017808544      0x168 cmd/built-in.o
 .text.do_mem_base
                0x00000000178086ac       0x40 cmd/built-in.o
 .text.do_mem_cp
                0x00000000178086ec       0xd8 cmd/built-in.o
 .text.do_mem_crc
                0x00000000178087c4       0x48 cmd/built-in.o
 .text.mod_mem.isra.0
                0x000000001780880c      0x16c cmd/built-in.o
 .text.do_mem_mm
                0x0000000017808978        0x8 cmd/built-in.o
 .text.do_mem_nm
                0x0000000017808980        0x8 cmd/built-in.o
 .text.extract_range
                0x0000000017808988       0xe4 cmd/built-in.o
 .text.do_mii   0x0000000017808a6c      0x8f0 cmd/built-in.o
 .text.do_mdio  0x000000001780935c      0x4ec cmd/built-in.o
 .text.do_sleep
                0x0000000017809848       0x70 cmd/built-in.o
 .text.do_mmcops
                0x00000000178098b8       0xb8 cmd/built-in.o
 .text.init_mmc_device
                0x0000000017809970       0x54 cmd/built-in.o
 .text.do_mmc_rescan
                0x00000000178099c4       0x24 cmd/built-in.o
 .text.do_mmc_rst_func
                0x00000000178099e8       0xa0 cmd/built-in.o
 .text.do_mmc_partconf
                0x0000000017809a88       0xb4 cmd/built-in.o
 .text.do_mmc_boot_resize
                0x0000000017809b3c       0xcc cmd/built-in.o
 .text.do_mmc_bootbus
                0x0000000017809c08       0xb4 cmd/built-in.o
 .text.do_mmc_hwpartition
                0x0000000017809cbc      0x510 cmd/built-in.o
 .text.do_mmc_list
                0x000000001780a1cc       0x14 cmd/built-in.o
 .text.do_mmc_dev
                0x000000001780a1e0      0x140 cmd/built-in.o
 .text.do_mmc_part
                0x000000001780a320       0x60 cmd/built-in.o
 .text.do_mmc_erase
                0x000000001780a380       0xec cmd/built-in.o
 .text.do_mmc_write
                0x000000001780a46c      0x104 cmd/built-in.o
 .text.do_mmc_read
                0x000000001780a570       0xf0 cmd/built-in.o
 .text.do_mmcinfo
                0x000000001780a660      0x370 cmd/built-in.o
 .text.do_mmc_setdsr
                0x000000001780a9d0       0xb0 cmd/built-in.o
 .text.cpu_cmd  0x000000001780aa80      0x160 cmd/built-in.o
 .text.netboot_common
                0x000000001780abe0      0x294 cmd/built-in.o
 .text.do_bootp
                0x000000001780ae74        0xc cmd/built-in.o
 .text.do_dhcp  0x000000001780ae80        0xc cmd/built-in.o
 .text.do_nfs   0x000000001780ae8c        0xc cmd/built-in.o
 .text.do_tftpb
                0x000000001780ae98       0x40 cmd/built-in.o
                0x000000001780ae98                do_tftpb
 .text.do_ping  0x000000001780aed8       0x78 cmd/built-in.o
 .text.pci_cfg_write
                0x000000001780af50       0x3c cmd/built-in.o
 .text.pci_read_config
                0x000000001780af8c       0x48 cmd/built-in.o
 .text.pci_show_regs
                0x000000001780afd4       0x84 cmd/built-in.o
 .text.pci_cfg_modify.isra.1
                0x000000001780b058      0x104 cmd/built-in.o
 .text.pci_header_show
                0x000000001780b15c       0xc0 cmd/built-in.o
                0x000000001780b15c                pci_header_show
 .text.pciinfo_header
                0x000000001780b21c       0x3c cmd/built-in.o
                0x000000001780b21c                pciinfo_header
 .text.pci_header_show_brief
                0x000000001780b258       0x80 cmd/built-in.o
                0x000000001780b258                pci_header_show_brief
 .text.pciinfo  0x000000001780b2d8      0x130 cmd/built-in.o
                0x000000001780b2d8                pciinfo
 .text.do_pci   0x000000001780b408      0x3a8 cmd/built-in.o
 .text.bytes_per_second
                0x000000001780b7b0       0x50 cmd/built-in.o
 .text.do_spi_flash
                0x000000001780b800      0x868 cmd/built-in.o
 .text.substitute
                0x000000001780c068       0xf0 cmd/built-in.o
 .text.get_arg  0x000000001780c158       0x58 cmd/built-in.o
 .text.regex_sub
                0x000000001780c1b0      0x450 cmd/built-in.o
 .text.do_setexpr
                0x000000001780c600      0x1a0 cmd/built-in.o
 .text.do_false
                0x000000001780c7a0        0x8 cmd/built-in.o
 .text.do_true  0x000000001780c7a8        0x8 cmd/built-in.o
 .text.do_test  0x000000001780c7b0      0x338 cmd/built-in.o
 .text.usb_get_class_desc
                0x000000001780cae8       0xbc cmd/built-in.o
 .text.usb_find_device
                0x000000001780cba4       0x3c cmd/built-in.o
 .text.usb_show_tree_graph
                0x000000001780cbe0      0x228 cmd/built-in.o
 .text.usb_display_class_sub
                0x000000001780ce08      0x170 cmd/built-in.o
 .text.usb_display_string
                0x000000001780cf78       0x44 cmd/built-in.o
 .text.usb_display_config
                0x000000001780cfbc      0x20c cmd/built-in.o
 .text.do_usbboot
                0x000000001780d1c8        0xc cmd/built-in.o
 .text.usb_display_desc.part.1
                0x000000001780d1d4      0x12c cmd/built-in.o
 .text.do_usb_start
                0x000000001780d300       0x38 cmd/built-in.o
 .text.usb_show_tree
                0x000000001780d338       0x54 cmd/built-in.o
                0x000000001780d338                usb_show_tree
 .text.do_usb   0x000000001780d38c      0x778 cmd/built-in.o
 .text.do_fastboot
                0x000000001780db04       0xd8 cmd/built-in.o
 .text.ums_read_sector
                0x000000001780dbdc       0x20 cmd/built-in.o
 .text.ums_write_sector
                0x000000001780dbfc       0x20 cmd/built-in.o
 .text.ums_fini
                0x000000001780dc1c       0x60 cmd/built-in.o
 .text.do_usb_mass_storage
                0x000000001780dc7c      0x380 cmd/built-in.o
                0x000000001780dc7c                do_usb_mass_storage
 .text.do_imgextract
                0x000000001780dffc      0x290 cmd/built-in.o
 .text.do_dfu   0x000000001780e28c      0x17c cmd/built-in.o
 .text.do_env_delete
                0x000000001780e408       0x9c cmd/built-in.o
 .text.do_env_exists
                0x000000001780e4a4       0x64 cmd/built-in.o
 .text.do_env_save
                0x000000001780e508       0x2c cmd/built-in.o
 .text.do_env   0x000000001780e534       0x68 cmd/built-in.o
 .text.env_print
                0x000000001780e59c       0xc0 cmd/built-in.o
 .text.do_env_print
                0x000000001780e65c       0xc4 cmd/built-in.o
 .text.do_env_import
                0x000000001780e720      0x284 cmd/built-in.o
 .text.do_env_default
                0x000000001780e9a4       0xa8 cmd/built-in.o
 .text._do_env_set.isra.0
                0x000000001780ea4c      0x1bc cmd/built-in.o
 .text.do_env_set
                0x000000001780ec08       0x20 cmd/built-in.o
 .text.get_env_id
                0x000000001780ec28       0x10 cmd/built-in.o
                0x000000001780ec28                get_env_id
 .text.setenv   0x000000001780ec38       0x60 cmd/built-in.o
                0x000000001780ec38                setenv
 .text.setenv_ulong
                0x000000001780ec98       0x20 cmd/built-in.o
                0x000000001780ec98                setenv_ulong
 .text.setenv_hex
                0x000000001780ecb8       0x34 cmd/built-in.o
                0x000000001780ecb8                setenv_hex
 .text.do_env_export
                0x000000001780ecec      0x258 cmd/built-in.o
 .text.envmatch
                0x000000001780ef44       0x6c cmd/built-in.o
                0x000000001780ef44                envmatch
 .text.getenv_f
                0x000000001780efb0       0xc0 cmd/built-in.o
                0x000000001780efb0                getenv_f
 .text.getenv   0x000000001780f070       0x78 cmd/built-in.o
                0x000000001780f070                getenv
 .text.getenv_hex
                0x000000001780f0e8       0x3c cmd/built-in.o
                0x000000001780f0e8                getenv_hex
 .text.getenv_ulong
                0x000000001780f124       0x30 cmd/built-in.o
                0x000000001780f124                getenv_ulong
 .text.do_env_edit.part.2
                0x000000001780f154       0xa4 cmd/built-in.o
 .text.do_env_edit
                0x000000001780f1f8       0x2c cmd/built-in.o
 .text.common_diskboot
                0x000000001780f224      0x234 cmd/built-in.o
                0x000000001780f224                common_diskboot
 .text.board_init_f_alloc_reserve
                0x000000001780f458        0xc common/built-in.o
                0x000000001780f458                board_init_f_alloc_reserve
 .text.board_init_f_init_reserve
                0x000000001780f464       0x20 common/built-in.o
                0x000000001780f464                board_init_f_init_reserve
 .text.show_boot_progress
                0x000000001780f484        0x8 common/built-in.o
                0x000000001780f484                show_boot_progress
 .text.main_loop
                0x000000001780f48c       0x28 common/built-in.o
                0x000000001780f48c                main_loop
 .text.dummy    0x000000001780f4b4        0x4 common/built-in.o
 .text.get_version
                0x000000001780f4b8        0x8 common/built-in.o
                0x000000001780f4b8                get_version
 .text.jumptable_init
                0x000000001780f4c0      0x1e0 common/built-in.o
                0x000000001780f4c0                jumptable_init
 .text.hash_finish_crc32
                0x000000001780f6a0       0x30 common/built-in.o
 .text.hash_update_crc32
                0x000000001780f6d0       0x24 common/built-in.o
 .text.hash_init_crc32
                0x000000001780f6f4       0x24 common/built-in.o
 .text.hash_lookup_algo
                0x000000001780f718       0x28 common/built-in.o
                0x000000001780f718                hash_lookup_algo
 .text.hash_command
                0x000000001780f740       0xb4 common/built-in.o
                0x000000001780f740                hash_command
 .text.b_reset  0x000000001780f7f4       0x1c common/built-in.o
 .text.static_get
                0x000000001780f810       0x1c common/built-in.o
 .text.file_peek
                0x000000001780f82c        0xc common/built-in.o
 .text.mapset   0x000000001780f838       0x20 common/built-in.o
 .text.syntax_err
                0x000000001780f858        0xc common/built-in.o
 .text.free_pipe_list
                0x000000001780f864       0xf4 common/built-in.o
 .text.xmalloc  0x000000001780f958       0x20 common/built-in.o
 .text.new_pipe
                0x000000001780f978       0x28 common/built-in.o
 .text.xrealloc
                0x000000001780f9a0       0x20 common/built-in.o
 .text.done_command
                0x000000001780f9c0       0x88 common/built-in.o
 .text.done_pipe
                0x000000001780fa48       0x48 common/built-in.o
 .text.done_word
                0x000000001780fa90      0x2e4 common/built-in.o
 .text.do_showvar
                0x000000001780fd74       0xf4 common/built-in.o
 .text.is_assignment
                0x000000001780fe68       0x5c common/built-in.o
 .text.file_get
                0x000000001780fec4      0x1f0 common/built-in.o
 .text.b_addchr
                0x00000000178100b4       0x80 common/built-in.o
 .text.b_addqchr
                0x0000000017810134       0x50 common/built-in.o
 .text.static_peek
                0x0000000017810184        0xc common/built-in.o
 .text.get_local_var
                0x0000000017810190       0xa0 common/built-in.o
                0x0000000017810190                get_local_var
 .text.set_local_var
                0x0000000017810230      0x1bc common/built-in.o
                0x0000000017810230                set_local_var
 .text.insert_var_value_sub
                0x00000000178103ec      0x2c0 common/built-in.o
 .text.parse_string_outer
                0x00000000178106ac       0xe4 common/built-in.o
                0x00000000178106ac                parse_string_outer
 .text.run_list_real
                0x0000000017810790      0x7b8 common/built-in.o
 .text.parse_stream_outer
                0x0000000017810f48      0x6d0 common/built-in.o
 .text.parse_file_outer
                0x0000000017811618       0x44 common/built-in.o
                0x0000000017811618                parse_file_outer
 .text.u_boot_hush_start
                0x000000001781165c       0x54 common/built-in.o
                0x000000001781165c                u_boot_hush_start
 .text.bootdelay_process
                0x00000000178116b0       0x50 common/built-in.o
                0x00000000178116b0                bootdelay_process
 .text.autoboot_command
                0x0000000017811700       0xf8 common/built-in.o
                0x0000000017811700                autoboot_command
 .text.setup_mon_len
                0x00000000178117f8       0x20 common/built-in.o
 .text.reserve_round_4k
                0x0000000017811818       0x18 common/built-in.o
 .text.reserve_mmu
                0x0000000017811830       0x38 common/built-in.o
 .text.reserve_uboot
                0x0000000017811868       0x30 common/built-in.o
 .text.reserve_malloc
                0x0000000017811898       0x18 common/built-in.o
 .text.setup_machine
                0x00000000178118b0       0x14 common/built-in.o
 .text.reserve_global_data
                0x00000000178118c4       0x1c common/built-in.o
 .text.reserve_fdt
                0x00000000178118e0       0x4c common/built-in.o
 .text.initf_console_record
                0x000000001781192c        0x8 common/built-in.o
 .text.arch_cpu_init_dm
                0x0000000017811934        0x8 common/built-in.o
                0x0000000017811934                arch_cpu_init_dm
 .text.announce_dram_init
                0x000000001781193c       0x18 common/built-in.o
 .text.init_func_i2c
                0x0000000017811954       0x28 common/built-in.o
 .text.init_baud_rate
                0x000000001781197c       0x2c common/built-in.o
 .text.mark_bootstage
                0x00000000178119a8       0x14 common/built-in.o
 .text.initf_dm
                0x00000000178119bc        0x8 common/built-in.o
 .text.setup_reloc
                0x00000000178119c4       0x3c common/built-in.o
 .text.reloc_fdt
                0x0000000017811a00       0x44 common/built-in.o
 .text.reserve_board
                0x0000000017811a44       0x40 common/built-in.o
 .text.reserve_arch
                0x0000000017811a84        0x8 common/built-in.o
                0x0000000017811a84                reserve_arch
 .text.display_text_info
                0x0000000017811a8c        0x8 common/built-in.o
 .text.reserve_trace
                0x0000000017811a94        0x8 common/built-in.o
 .text.display_new_sp
                0x0000000017811a9c        0x8 common/built-in.o
 .text.coloured_LED_init
                0x0000000017811aa4        0x4 common/built-in.o
                0x0000000017811aa4                coloured_LED_init
 .text.red_led_on
                0x0000000017811aa8        0x4 common/built-in.o
                0x0000000017811aa8                red_led_on
 .text.board_add_ram_info
                0x0000000017811aac        0x4 common/built-in.o
                0x0000000017811aac                board_add_ram_info
 .text.show_dram_config
                0x0000000017811ab0       0x38 common/built-in.o
 .text.dram_init_banksize
                0x0000000017811ae8       0x20 common/built-in.o
                0x0000000017811ae8                dram_init_banksize
 .text.setup_dram_config
                0x0000000017811b08       0x10 common/built-in.o
 .text.board_get_usable_ram_top
                0x0000000017811b18       0x14 common/built-in.o
                0x0000000017811b18                board_get_usable_ram_top
 .text.board_reserve_ram_top
                0x0000000017811b2c        0x4 common/built-in.o
                0x0000000017811b2c                board_reserve_ram_top
 .text.setup_dest_addr
                0x0000000017811b30       0x4c common/built-in.o
 .text.reserve_stacks
                0x0000000017811b7c       0x1c common/built-in.o
 .text.board_init_f
                0x0000000017811b98       0x28 common/built-in.o
                0x0000000017811b98                board_init_f
 .text.bootstage_relocate
                0x0000000017811bc0        0x8 common/built-in.o
 .text.initr_reloc
                0x0000000017811bc8       0x18 common/built-in.o
 .text.initr_announce
                0x0000000017811be0        0x8 common/built-in.o
 .text.run_main_loop
                0x0000000017811be8        0xc common/built-in.o
 .text.initr_net
                0x0000000017811bf4       0x1c common/built-in.o
 .text.initr_ethaddr
                0x0000000017811c10       0x20 common/built-in.o
 .text.initr_enable_interrupts
                0x0000000017811c30       0x10 common/built-in.o
 .text.initr_jumptable
                0x0000000017811c40       0x10 common/built-in.o
 .text.initr_pci
                0x0000000017811c50       0x10 common/built-in.o
 .text.initr_env
                0x0000000017811c60       0x30 common/built-in.o
 .text.initr_mmc
                0x0000000017811c90       0x20 common/built-in.o
 .text.initr_serial
                0x0000000017811cb0       0x10 common/built-in.o
 .text.initr_bootstage
                0x0000000017811cc0       0x14 common/built-in.o
 .text.initr_dm
                0x0000000017811cd4       0x14 common/built-in.o
 .text.initr_malloc
                0x0000000017811ce8       0x24 common/built-in.o
 .text.initr_reloc_global_data
                0x0000000017811d0c       0x38 common/built-in.o
 .text.initr_caches
                0x0000000017811d44       0x10 common/built-in.o
 .text.initr_console_record
                0x0000000017811d54        0x8 common/built-in.o
 .text.initr_trace
                0x0000000017811d5c        0x8 common/built-in.o
 .text.initr_barrier
                0x0000000017811d64        0x8 common/built-in.o
 .text.cpu_secondary_init_r
                0x0000000017811d6c        0x4 common/built-in.o
                0x0000000017811d6c                cpu_secondary_init_r
 .text.initr_secondary_cpu
                0x0000000017811d70       0x10 common/built-in.o
 .text.board_init_r
                0x0000000017811d80       0x14 common/built-in.o
                0x0000000017811d80                board_init_r
 .text.show_board_info
                0x0000000017811d94        0x4 common/built-in.o
                0x0000000017811d94                show_board_info
 .text.bootm_find_images
                0x0000000017811d98       0xa8 common/built-in.o
                0x0000000017811d98                bootm_find_images
 .text.bootm_decomp_image
                0x0000000017811e40      0x14c common/built-in.o
                0x0000000017811e40                bootm_decomp_image
 .text.bootm_disable_interrupts
                0x0000000017811f8c       0x18 common/built-in.o
                0x0000000017811f8c                bootm_disable_interrupts
 .text.do_bootm_states
                0x0000000017811fa4      0x7e8 common/built-in.o
                0x0000000017811fa4                do_bootm_states
 .text.copy_args
                0x000000001781278c       0x50 common/built-in.o
 .text.do_bootm_rtems
                0x00000000178127dc       0x40 common/built-in.o
 .text.do_bootm_plan9
                0x000000001781281c       0xa4 common/built-in.o
 .text.do_bootm_standalone
                0x00000000178128c0       0x64 common/built-in.o
 .text.do_bootm_qnxelf
                0x0000000017812924       0x5c common/built-in.o
 .text.do_bootm_netbsd
                0x0000000017812980       0xf8 common/built-in.o
 .text.do_bootvx_fdt
                0x0000000017812a78      0x118 common/built-in.o
                0x0000000017812a78                do_bootvx_fdt
 .text.do_bootm_vxworks
                0x0000000017812b90       0x24 common/built-in.o
 .text.boot_selected_os
                0x0000000017812bb4       0x58 common/built-in.o
                0x0000000017812bb4                boot_selected_os
 .text.bootm_os_get_boot_func
                0x0000000017812c0c       0x10 common/built-in.o
                0x0000000017812c0c                bootm_os_get_boot_func
 .text.regex_callback
                0x0000000017812c1c      0x134 common/built-in.o
 .text.env_attr_walk
                0x0000000017812d50      0x128 common/built-in.o
                0x0000000017812d50                env_attr_walk
 .text.env_attr_lookup
                0x0000000017812e78       0x84 common/built-in.o
                0x0000000017812e78                env_attr_lookup
 .text.clear_callback
                0x0000000017812efc       0x10 common/built-in.o
 .text.find_env_callback
                0x0000000017812f0c       0x64 common/built-in.o
 .text.on_callbacks
                0x0000000017812f70       0x50 common/built-in.o
 .text.set_callback
                0x0000000017812fc0       0x98 common/built-in.o
 .text.env_callback_init
                0x0000000017813058       0xc4 common/built-in.o
                0x0000000017813058                env_callback_init
 .text.skip_num
                0x000000001781311c       0x78 common/built-in.o
 .text.clear_flags
                0x0000000017813194       0x10 common/built-in.o
 .text.on_flags
                0x00000000178131a4       0x50 common/built-in.o
 .text.env_flags_parse_vartype
                0x00000000178131f4       0x50 common/built-in.o
                0x00000000178131f4                env_flags_parse_vartype
 .text.env_flags_parse_varaccess
                0x0000000017813244       0x58 common/built-in.o
                0x0000000017813244                env_flags_parse_varaccess
 .text.set_flags
                0x000000001781329c       0xb0 common/built-in.o
 .text.eth_validate_ethaddr_str
                0x000000001781334c       0x94 common/built-in.o
                0x000000001781334c                eth_validate_ethaddr_str
 .text.env_flags_init
                0x00000000178133e0       0xd8 common/built-in.o
                0x00000000178133e0                env_flags_init
 .text.env_flags_validate
                0x00000000178134b8      0x2b8 common/built-in.o
                0x00000000178134b8                env_flags_validate
 .text.mmc_get_env_addr
                0x0000000017813770       0x10 common/built-in.o
                0x0000000017813770                mmc_get_env_addr
 .text.env_init
                0x0000000017813780       0x1c common/built-in.o
                0x0000000017813780                env_init
 .text.saveenv  0x000000001781379c      0x128 common/built-in.o
                0x000000001781379c                saveenv
 .text.env_relocate_spec
                0x00000000178138c4       0xec common/built-in.o
                0x00000000178138c4                env_relocate_spec
 .text.fdt_find_and_setprop
                0x00000000178139b0       0x70 common/built-in.o
                0x00000000178139b0                fdt_find_and_setprop
 .text.fdt_find_or_add_subnode
                0x0000000017813a20       0x60 common/built-in.o
                0x0000000017813a20                fdt_find_or_add_subnode
 .text.fdt_root
                0x0000000017813a80       0x90 common/built-in.o
                0x0000000017813a80                fdt_root
 .text.fdt_initrd
                0x0000000017813b10      0x1cc common/built-in.o
                0x0000000017813b10                fdt_initrd
 .text.fdt_chosen
                0x0000000017813cdc       0xa8 common/built-in.o
                0x0000000017813cdc                fdt_chosen
 .text.do_fixup_by_path
                0x0000000017813d84       0x54 common/built-in.o
                0x0000000017813d84                do_fixup_by_path
 .text.fdt_fixup_memory_banks
                0x0000000017813dd8      0x1b0 common/built-in.o
                0x0000000017813dd8                fdt_fixup_memory_banks
 .text.fdt_fixup_memory
                0x0000000017813f88       0x20 common/built-in.o
                0x0000000017813f88                fdt_fixup_memory
 .text.fdt_fixup_ethernet
                0x0000000017813fa8      0x19c common/built-in.o
                0x0000000017813fa8                fdt_fixup_ethernet
 .text.fdt_shrink_to_minimum
                0x0000000017814144       0xcc common/built-in.o
                0x0000000017814144                fdt_shrink_to_minimum
 .text.miiphy_get_dev_by_name
                0x0000000017814210       0x60 common/built-in.o
                0x0000000017814210                miiphy_get_dev_by_name
 .text.miiphy_init
                0x0000000017814270       0x24 common/built-in.o
                0x0000000017814270                miiphy_init
 .text.mdio_alloc
                0x0000000017814294       0x30 common/built-in.o
                0x0000000017814294                mdio_alloc
 .text.mdio_register
                0x00000000178142c4       0x94 common/built-in.o
                0x00000000178142c4                mdio_register
 .text.mdio_unregister
                0x0000000017814358       0x3c common/built-in.o
                0x0000000017814358                mdio_unregister
 .text.mdio_list_devices
                0x0000000017814394       0x98 common/built-in.o
                0x0000000017814394                mdio_list_devices
 .text.miiphy_set_current_dev
                0x000000001781442c       0x40 common/built-in.o
                0x000000001781442c                miiphy_set_current_dev
 .text.miiphy_get_active_dev
                0x000000001781446c       0x54 common/built-in.o
 .text.mdio_get_current_dev
                0x00000000178144c0       0x10 common/built-in.o
                0x00000000178144c0                mdio_get_current_dev
 .text.mdio_phydev_for_ethname
                0x00000000178144d0       0x88 common/built-in.o
                0x00000000178144d0                mdio_phydev_for_ethname
 .text.miiphy_get_current_dev
                0x0000000017814558       0x18 common/built-in.o
                0x0000000017814558                miiphy_get_current_dev
 .text.miiphy_read
                0x0000000017814570       0x4c common/built-in.o
                0x0000000017814570                miiphy_read
 .text.miiphy_write
                0x00000000178145bc       0x40 common/built-in.o
                0x00000000178145bc                miiphy_write
 .text.miiphy_listdev
                0x00000000178145fc       0x74 common/built-in.o
                0x00000000178145fc                miiphy_listdev
 .text.miiphy_info
                0x0000000017814670       0x88 common/built-in.o
                0x0000000017814670                miiphy_info
 .text.miiphy_speed
                0x00000000178146f8       0x94 common/built-in.o
                0x00000000178146f8                miiphy_speed
 .text.miiphy_duplex
                0x000000001781478c       0x94 common/built-in.o
                0x000000001781478c                miiphy_duplex
 .text.miiphy_is_1000base_x
                0x0000000017814820        0x8 common/built-in.o
                0x0000000017814820                miiphy_is_1000base_x
 .text.usb_set_maxpacket_ep
                0x0000000017814828       0x70 common/built-in.o
 .text.usb_stop
                0x0000000017814898       0x64 common/built-in.o
                0x0000000017814898                usb_stop
 .text.usb_disable_asynch
                0x00000000178148fc       0x20 common/built-in.o
                0x00000000178148fc                usb_disable_asynch
 .text.usb_control_msg
                0x000000001781491c       0xc0 common/built-in.o
                0x000000001781491c                usb_control_msg
 .text.usb_get_descriptor
                0x00000000178149dc       0x58 common/built-in.o
 .text.get_descriptor_len
                0x0000000017814a34       0x90 common/built-in.o
 .text.usb_get_string
                0x0000000017814ac4       0x70 common/built-in.o
 .text.usb_string_sub
                0x0000000017814b34      0x108 common/built-in.o
 .text.usb_bulk_msg
                0x0000000017814c3c       0x70 common/built-in.o
                0x0000000017814c3c                usb_bulk_msg
 .text.usb_maxpacket
                0x0000000017814cac       0x1c common/built-in.o
                0x0000000017814cac                usb_maxpacket
 .text.usb_clear_halt
                0x0000000017814cc8       0x90 common/built-in.o
                0x0000000017814cc8                usb_clear_halt
 .text.usb_get_configuration_len
                0x0000000017814d58       0x74 common/built-in.o
                0x0000000017814d58                usb_get_configuration_len
 .text.usb_get_configuration_no
                0x0000000017814dcc       0x34 common/built-in.o
                0x0000000017814dcc                usb_get_configuration_no
 .text.usb_set_interface
                0x0000000017814e00       0xb4 common/built-in.o
                0x0000000017814e00                usb_set_interface
 .text.usb_string
                0x0000000017814eb4      0x100 common/built-in.o
                0x0000000017814eb4                usb_string
 .text.usb_get_dev_index
                0x0000000017814fb4       0x24 common/built-in.o
                0x0000000017814fb4                usb_get_dev_index
 .text.usb_alloc_new_device
                0x0000000017814fd8       0x9c common/built-in.o
                0x0000000017814fd8                usb_alloc_new_device
 .text.usb_free_device
                0x0000000017815074       0x48 common/built-in.o
                0x0000000017815074                usb_free_device
 .text.usb_alloc_device
                0x00000000178150bc        0x8 common/built-in.o
                0x00000000178150bc                usb_alloc_device
 .text.usb_select_config
                0x00000000178150c4      0x468 common/built-in.o
                0x00000000178150c4                usb_select_config
 .text.usb_setup_device
                0x000000001781552c      0x170 common/built-in.o
                0x000000001781552c                usb_setup_device
 .text.usb_new_device
                0x000000001781569c       0x34 common/built-in.o
                0x000000001781569c                usb_new_device
 .text.usb_init
                0x00000000178156d0      0x148 common/built-in.o
                0x00000000178156d0                usb_init
 .text.board_usb_init
                0x0000000017815818        0x8 common/built-in.o
                0x0000000017815818                board_usb_init
 .text.board_usb_cleanup
                0x0000000017815820        0x8 common/built-in.o
                0x0000000017815820                board_usb_cleanup
 .text.usb_device_has_child_on_port
                0x0000000017815828       0x14 common/built-in.o
                0x0000000017815828                usb_device_has_child_on_port
 .text.usb_find_usb2_hub_address_port
                0x000000001781583c       0x5c common/built-in.o
                0x000000001781583c                usb_find_usb2_hub_address_port
 .text.usb_set_port_feature
                0x0000000017815898       0x4c common/built-in.o
 .text.usb_clear_port_feature
                0x00000000178158e4       0x4c common/built-in.o
 .text.usb_get_hub_descriptor
                0x0000000017815930       0x4c common/built-in.o
 .text.usb_hub_reset_devices
                0x000000001781597c        0x4 common/built-in.o
                0x000000001781597c                usb_hub_reset_devices
 .text.usb_get_port_status
                0x0000000017815980       0x4c common/built-in.o
                0x0000000017815980                usb_get_port_status
 .text.usb_hub_reset
                0x00000000178159cc       0x20 common/built-in.o
                0x00000000178159cc                usb_hub_reset
 .text.legacy_hub_port_reset
                0x00000000178159ec       0x9c common/built-in.o
                0x00000000178159ec                legacy_hub_port_reset
 .text.usb_hub_port_connect_change
                0x0000000017815a88      0x15c common/built-in.o
                0x0000000017815a88                usb_hub_port_connect_change
 .text.usb_hub_configure
                0x0000000017815be4      0x4b4 common/built-in.o
 .text.usb_hub_probe
                0x0000000017816098       0x54 common/built-in.o
                0x0000000017816098                usb_hub_probe
 .text.usb_stor_irq
                0x00000000178160ec       0x1c common/built-in.o
 .text.usb_stor_BBB_reset
                0x0000000017816108       0xd0 common/built-in.o
 .text.usb_stor_CB_reset
                0x00000000178161d8       0xd0 common/built-in.o
 .text.usb_stor_BBB_clear_endpt_stall.isra.2
                0x00000000178162a8       0x40 common/built-in.o
 .text.usb_stor_BBB_transport
                0x00000000178162e8      0x25c common/built-in.o
 .text.usb_stor_CB_comdat
                0x0000000017816544      0x204 common/built-in.o
 .text.usb_stor_CBI_get_status.isra.4
                0x0000000017816748       0xc8 common/built-in.o
 .text.usb_stor_CB_transport
                0x0000000017816810      0x228 common/built-in.o
 .text.usb_request_sense.constprop.10
                0x0000000017816a38       0x70 common/built-in.o
 .text.usb_stor_read
                0x0000000017816aa8      0x174 common/built-in.o
 .text.usb_stor_write
                0x0000000017816c1c      0x174 common/built-in.o
 .text.usb_stor_info
                0x0000000017816d90       0x74 common/built-in.o
                0x0000000017816d90                usb_stor_info
 .text.usb_storage_probe
                0x0000000017816e04      0x204 common/built-in.o
                0x0000000017816e04                usb_storage_probe
 .text.usb_stor_get_info
                0x0000000017817008      0x314 common/built-in.o
                0x0000000017817008                usb_stor_get_info
 .text.usb_stor_scan
                0x000000001781731c      0x1fc common/built-in.o
                0x000000001781731c                usb_stor_scan
 .text.splash_screen_prepare
                0x0000000017817518        0x8 common/built-in.o
                0x0000000017817518                splash_screen_prepare
 .text.splash_get_pos
                0x0000000017817520       0x88 common/built-in.o
                0x0000000017817520                splash_get_pos
 .text.env_get_char_spec
                0x00000000178175a8        0xc common/built-in.o
                0x00000000178175a8                env_get_char_spec
 .text.env_get_addr
                0x00000000178175b4       0x20 common/built-in.o
                0x00000000178175b4                env_get_addr
 .text.env_get_char_memory
                0x00000000178175d4       0x10 common/built-in.o
                0x00000000178175d4                env_get_char_memory
 .text.env_get_char
                0x00000000178175e4       0x30 common/built-in.o
                0x00000000178175e4                env_get_char
 .text.getenv_yesno
                0x0000000017817614       0x40 common/built-in.o
                0x0000000017817614                getenv_yesno
 .text.getenv_default
                0x0000000017817654       0x30 common/built-in.o
                0x0000000017817654                getenv_default
 .text.set_default_env
                0x0000000017817684       0xcc common/built-in.o
                0x0000000017817684                set_default_env
 .text.set_default_vars
                0x0000000017817750       0x38 common/built-in.o
                0x0000000017817750                set_default_vars
 .text.env_import
                0x0000000017817788       0xdc common/built-in.o
                0x0000000017817788                env_import
 .text.env_export
                0x0000000017817864       0xa0 common/built-in.o
                0x0000000017817864                env_export
 .text.env_relocate
                0x0000000017817904       0x2c common/built-in.o
                0x0000000017817904                env_relocate
 .text.env_complete
                0x0000000017817930       0xf0 common/built-in.o
                0x0000000017817930                env_complete
 .text.console_setfile
                0x0000000017817a20       0xc0 common/built-in.o
 .text.serial_printf
                0x0000000017817ae0       0x44 common/built-in.o
                0x0000000017817ae0                serial_printf
 .text.putc     0x0000000017817b24       0x34 common/built-in.o
                0x0000000017817b24                putc
 .text.puts     0x0000000017817b58       0x34 common/built-in.o
                0x0000000017817b58                puts
 .text.fgetc    0x0000000017817b8c       0x24 common/built-in.o
                0x0000000017817b8c                fgetc
 .text.getc     0x0000000017817bb0       0x24 common/built-in.o
                0x0000000017817bb0                getc
 .text.ftstc    0x0000000017817bd4       0x24 common/built-in.o
                0x0000000017817bd4                ftstc
 .text.tstc     0x0000000017817bf8       0x24 common/built-in.o
                0x0000000017817bf8                tstc
 .text.ctrlc    0x0000000017817c1c       0x58 common/built-in.o
                0x0000000017817c1c                ctrlc
 .text.confirm_yesno
                0x0000000017817c74       0xd4 common/built-in.o
                0x0000000017817c74                confirm_yesno
 .text.had_ctrlc
                0x0000000017817d48       0x10 common/built-in.o
                0x0000000017817d48                had_ctrlc
 .text.clear_ctrlc
                0x0000000017817d58       0x14 common/built-in.o
                0x0000000017817d58                clear_ctrlc
 .text.search_device
                0x0000000017817d6c       0x28 common/built-in.o
                0x0000000017817d6c                search_device
 .text.console_assign
                0x0000000017817d94       0x48 common/built-in.o
                0x0000000017817d94                console_assign
 .text.on_console
                0x0000000017817ddc       0xb8 common/built-in.o
 .text.console_init_f
                0x0000000017817e94       0x10 common/built-in.o
                0x0000000017817e94                console_init_f
 .text.stdio_print_current_devices
                0x0000000017817ea4       0xb0 common/built-in.o
                0x0000000017817ea4                stdio_print_current_devices
 .text.console_init_r
                0x0000000017817f54      0x194 common/built-in.o
                0x0000000017817f54                console_init_r
 .text.sbrk     0x00000000178180e8       0x6c common/built-in.o
                0x00000000178180e8                sbrk
 .text.mem_malloc_init
                0x0000000017818154       0x34 common/built-in.o
                0x0000000017818154                mem_malloc_init
 .text.malloc_trim
                0x0000000017818188       0xcc common/built-in.o
                0x0000000017818188                malloc_trim
 .text.free     0x0000000017818254      0x24c common/built-in.o
                0x0000000017818254                free
 .text.malloc   0x00000000178184a0      0x628 common/built-in.o
                0x00000000178184a0                malloc
 .text.calloc   0x0000000017818ac8      0x144 common/built-in.o
                0x0000000017818ac8                calloc
 .text.realloc  0x0000000017818c0c      0x4e0 common/built-in.o
                0x0000000017818c0c                realloc
 .text.memalign
                0x00000000178190ec      0x170 common/built-in.o
                0x00000000178190ec                memalign
 .text.initf_malloc
                0x000000001781925c       0x18 common/built-in.o
                0x000000001781925c                initf_malloc
 .text.malloc_simple
                0x0000000017819274       0x30 common/built-in.o
                0x0000000017819274                malloc_simple
 .text.on_loadaddr
                0x00000000178192a4       0x38 common/built-in.o
 .text.image_check_hcrc
                0x00000000178192dc       0x4c common/built-in.o
                0x00000000178192dc                image_check_hcrc
 .text.image_check_dcrc
                0x0000000017819328       0x38 common/built-in.o
                0x0000000017819328                image_check_dcrc
 .text.image_multi_count
                0x0000000017819360       0x1c common/built-in.o
                0x0000000017819360                image_multi_count
 .text.image_multi_getimg
                0x000000001781937c       0x80 common/built-in.o
                0x000000001781937c                image_multi_getimg
 .text.getenv_bootm_low
                0x00000000178193fc       0x30 common/built-in.o
                0x00000000178193fc                getenv_bootm_low
 .text.getenv_bootm_size
                0x000000001781942c       0x68 common/built-in.o
                0x000000001781942c                getenv_bootm_size
 .text.getenv_bootm_mapsize
                0x0000000017819494       0x30 common/built-in.o
                0x0000000017819494                getenv_bootm_mapsize
 .text.memmove_wd
                0x00000000178194c4        0xc common/built-in.o
                0x00000000178194c4                memmove_wd
 .text.genimg_print_size
                0x00000000178194d0       0x30 common/built-in.o
                0x00000000178194d0                genimg_print_size
 .text.get_table_entry
                0x0000000017819500       0x24 common/built-in.o
                0x0000000017819500                get_table_entry
 .text.get_table_entry_name
                0x0000000017819524       0x20 common/built-in.o
                0x0000000017819524                get_table_entry_name
 .text.genimg_get_os_name
                0x0000000017819544       0x18 common/built-in.o
                0x0000000017819544                genimg_get_os_name
 .text.genimg_get_arch_name
                0x000000001781955c       0x18 common/built-in.o
                0x000000001781955c                genimg_get_arch_name
 .text.genimg_get_type_name
                0x0000000017819574       0x18 common/built-in.o
                0x0000000017819574                genimg_get_type_name
 .text.genimg_get_comp_name
                0x000000001781958c       0x18 common/built-in.o
                0x000000001781958c                genimg_get_comp_name
 .text.image_print_contents
                0x00000000178195a4      0x178 common/built-in.o
                0x00000000178195a4                image_print_contents
 .text.genimg_get_kernel_addr_fit
                0x000000001781971c       0x24 common/built-in.o
                0x000000001781971c                genimg_get_kernel_addr_fit
 .text.genimg_get_format
                0x0000000017819740       0x50 common/built-in.o
                0x0000000017819740                genimg_get_format
 .text.genimg_get_image
                0x0000000017819790        0x4 common/built-in.o
                0x0000000017819790                genimg_get_image
 .text.genimg_has_config
                0x0000000017819794        0x8 common/built-in.o
                0x0000000017819794                genimg_has_config
 .text.boot_get_ramdisk
                0x000000001781979c      0x2bc common/built-in.o
                0x000000001781979c                boot_get_ramdisk
 .text.boot_ramdisk_high
                0x0000000017819a58      0x144 common/built-in.o
                0x0000000017819a58                boot_ramdisk_high
 .text.boot_get_setup
                0x0000000017819b9c        0x8 common/built-in.o
                0x0000000017819b9c                boot_get_setup
 .text.image_setup_linux
                0x0000000017819ba4       0x8c common/built-in.o
                0x0000000017819ba4                image_setup_linux
 .text.android_image_get_kernel
                0x0000000017819c30      0x164 common/built-in.o
                0x0000000017819c30                android_image_get_kernel
 .text.android_image_check_header
                0x0000000017819d94       0x14 common/built-in.o
                0x0000000017819d94                android_image_check_header
 .text.android_image_get_end
                0x0000000017819da8       0x4c common/built-in.o
                0x0000000017819da8                android_image_get_end
 .text.android_image_get_kload
                0x0000000017819df4       0x20 common/built-in.o
                0x0000000017819df4                android_image_get_kload
 .text.android_image_get_ramdisk
                0x0000000017819e14       0x7c common/built-in.o
                0x0000000017819e14                android_image_get_ramdisk
 .text.android_print_contents
                0x0000000017819e90       0xdc common/built-in.o
                0x0000000017819e90                android_print_contents
 .text.fdt_error
                0x0000000017819f6c       0x2c common/built-in.o
 .text.boot_fdt_add_mem_rsv_regions
                0x0000000017819f98       0x88 common/built-in.o
                0x0000000017819f98                boot_fdt_add_mem_rsv_regions
 .text.boot_relocate_fdt
                0x000000001781a020      0x198 common/built-in.o
                0x000000001781a020                boot_relocate_fdt
 .text.boot_get_fdt
                0x000000001781a1b8      0x2ac common/built-in.o
                0x000000001781a1b8                boot_get_fdt
 .text.ft_verify_fdt
                0x000000001781a464        0x8 common/built-in.o
                0x000000001781a464                ft_verify_fdt
 .text.image_setup_libfdt
                0x000000001781a46c      0x110 common/built-in.o
                0x000000001781a46c                image_setup_libfdt
 .text.get_effective_memsize
                0x000000001781a57c        0x8 common/built-in.o
                0x000000001781a57c                get_effective_memsize
 .text.nulldev_putc
                0x000000001781a584        0x4 common/built-in.o
 .text.nulldev_puts
                0x000000001781a588        0x4 common/built-in.o
 .text.nulldev_input
                0x000000001781a58c        0x8 common/built-in.o
 .text.stdio_serial_tstc
                0x000000001781a594        0x4 common/built-in.o
 .text.stdio_serial_getc
                0x000000001781a598        0x4 common/built-in.o
 .text.stdio_serial_puts
                0x000000001781a59c        0x8 common/built-in.o
 .text.stdio_serial_putc
                0x000000001781a5a4        0x8 common/built-in.o
 .text.stdio_get_list
                0x000000001781a5ac        0xc common/built-in.o
                0x000000001781a5ac                stdio_get_list
 .text.stdio_get_by_name
                0x000000001781a5b8       0x5c common/built-in.o
                0x000000001781a5b8                stdio_get_by_name
 .text.stdio_clone
                0x000000001781a614       0x38 common/built-in.o
                0x000000001781a614                stdio_clone
 .text.stdio_register_dev
                0x000000001781a64c       0x50 common/built-in.o
                0x000000001781a64c                stdio_register_dev
 .text.stdio_register
                0x000000001781a69c        0x8 common/built-in.o
                0x000000001781a69c                stdio_register
 .text.stdio_init_tables
                0x000000001781a6a4       0x1c common/built-in.o
                0x000000001781a6a4                stdio_init_tables
 .text.stdio_add_devices
                0x000000001781a6c0       0xd4 common/built-in.o
                0x000000001781a6c0                stdio_add_devices
 .text.run_command
                0x000000001781a794       0x10 common/built-in.o
                0x000000001781a794                run_command
 .text.run_command_list
                0x000000001781a7a4       0x7c common/built-in.o
                0x000000001781a7a4                run_command_list
 .text.do_run   0x000000001781a820       0x78 common/built-in.o
                0x000000001781a820                do_run
 .text.cli_loop
                0x000000001781a898        0xc common/built-in.o
                0x000000001781a898                cli_loop
 .text.cli_init
                0x000000001781a8a4        0x4 common/built-in.o
                0x000000001781a8a4                cli_init
 .text.delete_char.part.0
                0x000000001781a8a8       0xd0 common/built-in.o
 .text.cread_add_char
                0x000000001781a978       0xe8 common/built-in.o
 .text.cli_readline_into_buffer
                0x000000001781aa60      0x9c0 common/built-in.o
                0x000000001781aa60                cli_readline_into_buffer
 .text.cli_readline
                0x000000001781b420       0x14 common/built-in.o
                0x000000001781b420                cli_readline
 .text.find_cmd_tbl
                0x000000001781b434       0xa4 common/built-in.o
                0x000000001781b434                find_cmd_tbl
 .text.find_cmd
                0x000000001781b4d8       0x28 common/built-in.o
                0x000000001781b4d8                find_cmd
 .text.cmd_usage
                0x000000001781b500       0x5c common/built-in.o
                0x000000001781b500                cmd_usage
 .text._do_help
                0x000000001781b55c      0x178 common/built-in.o
                0x000000001781b55c                _do_help
 .text.var_complete
                0x000000001781b6d4       0x84 common/built-in.o
                0x000000001781b6d4                var_complete
 .text.cmd_auto_complete
                0x000000001781b758      0x4b4 common/built-in.o
                0x000000001781b758                cmd_auto_complete
 .text.cmd_get_data_size
                0x000000001781bc0c       0x5c common/built-in.o
                0x000000001781bc0c                cmd_get_data_size
 .text.cmd_process
                0x000000001781bc68       0xec common/built-in.o
                0x000000001781bc68                cmd_process
 .text.cmd_process_error
                0x000000001781bd54       0x30 common/built-in.o
                0x000000001781bd54                cmd_process_error
 .text.hex1_bin
                0x000000001781bd84       0x40 common/built-in.o
 .text.hex2_bin
                0x000000001781bdc4       0x38 common/built-in.o
 .text.srec_decode
                0x000000001781bdfc      0x254 common/built-in.o
                0x000000001781bdfc                srec_decode
 .text.CYGACC_COMM_IF_GETC_TIMEOUT.isra.0
                0x000000001781c050       0x5c common/built-in.o
 .text.xyzModem_flush
                0x000000001781c0ac       0x1c common/built-in.o
 .text.xyzModem_get_hdr
                0x000000001781c0c8      0x238 common/built-in.o
 .text.xyzModem_stream_open
                0x000000001781c300      0x224 common/built-in.o
                0x000000001781c300                xyzModem_stream_open
 .text.xyzModem_stream_read
                0x000000001781c524      0x254 common/built-in.o
                0x000000001781c524                xyzModem_stream_read
 .text.xyzModem_stream_close
                0x000000001781c778       0x54 common/built-in.o
                0x000000001781c778                xyzModem_stream_close
 .text.xyzModem_stream_terminate
                0x000000001781c7cc       0x94 common/built-in.o
                0x000000001781c7cc                xyzModem_stream_terminate
 .text.xyzModem_error
                0x000000001781c860       0x20 common/built-in.o
                0x000000001781c860                xyzModem_error
 .text.blk_get_dev
                0x000000001781c880       0x30 disk/built-in.o
                0x000000001781c880                blk_get_dev
 .text.dev_print
                0x000000001781c8b0      0x20c disk/built-in.o
                0x000000001781c8b0                dev_print
 .text.part_init
                0x000000001781cabc       0x54 disk/built-in.o
                0x000000001781cabc                part_init
 .text.part_print
                0x000000001781cb10      0x12c disk/built-in.o
                0x000000001781cb10                part_print
 .text.part_get_info
                0x000000001781cc3c       0x68 disk/built-in.o
                0x000000001781cc3c                part_get_info
 .text.blk_get_device_by_str
                0x000000001781cca4      0x150 disk/built-in.o
                0x000000001781cca4                blk_get_device_by_str
 .text.blk_get_device_part_str
                0x000000001781cdf4      0x3f8 disk/built-in.o
                0x000000001781cdf4                blk_get_device_part_str
 .text.test_block_type
                0x000000001781d1ec       0x84 disk/built-in.o
 .text.print_partition_extended
                0x000000001781d270      0x274 disk/built-in.o
 .text.part_print_dos
                0x000000001781d4e4       0x34 disk/built-in.o
                0x000000001781d4e4                part_print_dos
 .text.part_test_dos
                0x000000001781d518       0x60 disk/built-in.o
 .text.part_get_info_extended.constprop.1
                0x000000001781d578      0x2fc disk/built-in.o
 .text.part_get_info_dos
                0x000000001781d874       0x20 disk/built-in.o
                0x000000001781d874                part_get_info_dos
 .text.device_bind_common
                0x000000001781d894      0x30c drivers/built-in.o
 .text.alloc_priv
                0x000000001781dba0       0x48 drivers/built-in.o
 .text.device_bind
                0x000000001781dbe8       0x28 drivers/built-in.o
                0x000000001781dbe8                device_bind
 .text.device_bind_by_name
                0x000000001781dc10       0x60 drivers/built-in.o
                0x000000001781dc10                device_bind_by_name
 .text.device_probe
                0x000000001781dc70      0x234 drivers/built-in.o
                0x000000001781dc70                device_probe
 .text.dev_get_platdata
                0x000000001781dea4       0x34 drivers/built-in.o
                0x000000001781dea4                dev_get_platdata
 .text.dev_get_priv
                0x000000001781ded8       0x34 drivers/built-in.o
                0x000000001781ded8                dev_get_priv
 .text.lists_driver_lookup_name
                0x000000001781df0c       0x4c drivers/built-in.o
                0x000000001781df0c                lists_driver_lookup_name
 .text.lists_uclass_lookup
                0x000000001781df58       0x3c drivers/built-in.o
                0x000000001781df58                lists_uclass_lookup
 .text.lists_bind_drivers
                0x000000001781df94       0x88 drivers/built-in.o
                0x000000001781df94                lists_bind_drivers
 .text.dm_root  0x000000001781e01c       0x2c drivers/built-in.o
                0x000000001781e01c                dm_root
 .text.dm_init  0x000000001781e048       0x58 drivers/built-in.o
                0x000000001781e048                dm_init
 .text.dm_scan_platdata
                0x000000001781e0a0       0x2c drivers/built-in.o
                0x000000001781e0a0                dm_scan_platdata
 .text.dm_scan_other
                0x000000001781e0cc        0x8 drivers/built-in.o
                0x000000001781e0cc                dm_scan_other
 .text.dm_init_and_scan
                0x000000001781e0d4       0x30 drivers/built-in.o
                0x000000001781e0d4                dm_init_and_scan
 .text.uclass_find
                0x000000001781e104       0x4c drivers/built-in.o
                0x000000001781e104                uclass_find
 .text.uclass_get
                0x000000001781e150      0x124 drivers/built-in.o
                0x000000001781e150                uclass_get
 .text.uclass_find_device
                0x000000001781e274       0x74 drivers/built-in.o
                0x000000001781e274                uclass_find_device
 .text.uclass_find_device_by_seq
                0x000000001781e2e8       0x7c drivers/built-in.o
                0x000000001781e2e8                uclass_find_device_by_seq
 .text.uclass_get_device_tail
                0x000000001781e364       0x2c drivers/built-in.o
                0x000000001781e364                uclass_get_device_tail
 .text.uclass_get_device
                0x000000001781e390       0x30 drivers/built-in.o
                0x000000001781e390                uclass_get_device
 .text.uclass_bind_device
                0x000000001781e3c0       0x7c drivers/built-in.o
                0x000000001781e3c0                uclass_bind_device
 .text.uclass_unbind_device
                0x000000001781e43c       0x4c drivers/built-in.o
                0x000000001781e43c                uclass_unbind_device
 .text.uclass_resolve_seq
                0x000000001781e488       0xb0 drivers/built-in.o
                0x000000001781e488                uclass_resolve_seq
 .text.uclass_pre_probe_device
                0x000000001781e538       0x64 drivers/built-in.o
                0x000000001781e538                uclass_pre_probe_device
 .text.uclass_post_probe_device
                0x000000001781e59c       0x20 drivers/built-in.o
                0x000000001781e59c                uclass_post_probe_device
 .text.uclass_pre_remove_device
                0x000000001781e5bc       0x20 drivers/built-in.o
                0x000000001781e5bc                uclass_pre_remove_device
 .text.dm_warn  0x000000001781e5dc       0x28 drivers/built-in.o
                0x000000001781e5dc                dm_warn
 .text.device_free
                0x000000001781e604       0x90 drivers/built-in.o
                0x000000001781e604                device_free
 .text.device_remove
                0x000000001781e694      0x138 drivers/built-in.o
                0x000000001781e694                device_remove
 .text.show_devices
                0x000000001781e7cc       0xfc drivers/built-in.o
 .text.dm_dump_all
                0x000000001781e8c8       0x3c drivers/built-in.o
                0x000000001781e8c8                dm_dump_all
 .text.dm_dump_uclass
                0x000000001781e904       0xdc drivers/built-in.o
                0x000000001781e904                dm_dump_uclass
 .text.get_desc
                0x000000001781e9e0       0x6c drivers/built-in.o
 .text.blk_driver_lookup_type
                0x000000001781ea4c       0x3c drivers/built-in.o
                0x000000001781ea4c                blk_driver_lookup_type
 .text.blk_get_devnum_by_type
                0x000000001781ea88       0x3c drivers/built-in.o
                0x000000001781ea88                blk_get_devnum_by_type
 .text.blk_dselect_hwpart
                0x000000001781eac4       0x48 drivers/built-in.o
                0x000000001781eac4                blk_dselect_hwpart
 .text.blk_get_devnum_by_typename
                0x000000001781eb0c       0x70 drivers/built-in.o
                0x000000001781eb0c                blk_get_devnum_by_typename
 .text.blk_select_hwpart_devnum
                0x000000001781eb7c       0x48 drivers/built-in.o
                0x000000001781eb7c                blk_select_hwpart_devnum
 .text.finish_access
                0x000000001781ebc4       0x2c drivers/built-in.o
 .text.set_timing
                0x000000001781ebf0       0xb4 drivers/built-in.o
 .text.prepare_access
                0x000000001781eca4       0x88 drivers/built-in.o
 .text.fuse_bank_physical
                0x000000001781ed2c       0x64 drivers/built-in.o
                0x000000001781ed2c                fuse_bank_physical
 .text.fuse_read
                0x000000001781ed90       0x74 drivers/built-in.o
                0x000000001781ed90                fuse_read
 .text.fuse_sense
                0x000000001781ee04       0xac drivers/built-in.o
                0x000000001781ee04                fuse_sense
 .text.fuse_prog
                0x000000001781eeb0       0xa8 drivers/built-in.o
                0x000000001781eeb0                fuse_prog
 .text.fuse_override
                0x000000001781ef58       0x6c drivers/built-in.o
                0x000000001781ef58                fuse_override
 .text.dfu_write_buffer_drain
                0x000000001781efc4       0xa8 drivers/built-in.o
 .text.dfu_free_buf
                0x000000001781f06c       0x20 drivers/built-in.o
                0x000000001781f06c                dfu_free_buf
 .text.dfu_get_buf_size
                0x000000001781f08c       0x10 drivers/built-in.o
                0x000000001781f08c                dfu_get_buf_size
 .text.dfu_get_buf
                0x000000001781f09c       0xb8 drivers/built-in.o
                0x000000001781f09c                dfu_get_buf
 .text.dfu_write_transaction_cleanup
                0x000000001781f154       0x44 drivers/built-in.o
                0x000000001781f154                dfu_write_transaction_cleanup
 .text.dfu_flush
                0x000000001781f198       0x64 drivers/built-in.o
                0x000000001781f198                dfu_flush
 .text.dfu_write
                0x000000001781f1fc      0x184 drivers/built-in.o
                0x000000001781f1fc                dfu_write
 .text.dfu_read
                0x000000001781f380      0x26c drivers/built-in.o
                0x000000001781f380                dfu_read
 .text.dfu_free_entities
                0x000000001781f5ec       0x9c drivers/built-in.o
                0x000000001781f5ec                dfu_free_entities
 .text.dfu_config_entities
                0x000000001781f688      0x278 drivers/built-in.o
                0x000000001781f688                dfu_config_entities
 .text.dfu_init_env_entities
                0x000000001781f900       0x90 drivers/built-in.o
                0x000000001781f900                dfu_init_env_entities
 .text.dfu_get_dev_type
                0x000000001781f990       0x3c drivers/built-in.o
                0x000000001781f990                dfu_get_dev_type
 .text.dfu_get_layout
                0x000000001781f9cc       0x3c drivers/built-in.o
                0x000000001781f9cc                dfu_get_layout
 .text.dfu_show_entities
                0x000000001781fa08       0x74 drivers/built-in.o
                0x000000001781fa08                dfu_show_entities
 .text.dfu_get_alt_number
                0x000000001781fa7c       0x10 drivers/built-in.o
                0x000000001781fa7c                dfu_get_alt_number
 .text.dfu_get_entity
                0x000000001781fa8c       0x40 drivers/built-in.o
                0x000000001781fa8c                dfu_get_entity
 .text.mmc_block_op
                0x000000001781facc      0x1ec drivers/built-in.o
 .text.mmc_file_op
                0x000000001781fcb8      0x19c drivers/built-in.o
 .text.dfu_free_entity_mmc
                0x000000001781fe54       0x28 drivers/built-in.o
                0x000000001781fe54                dfu_free_entity_mmc
 .text.dfu_write_medium_mmc
                0x000000001781fe7c       0xb8 drivers/built-in.o
                0x000000001781fe7c                dfu_write_medium_mmc
 .text.dfu_flush_medium_mmc
                0x000000001781ff34       0x48 drivers/built-in.o
                0x000000001781ff34                dfu_flush_medium_mmc
 .text.dfu_get_medium_size_mmc
                0x000000001781ff7c       0x90 drivers/built-in.o
                0x000000001781ff7c                dfu_get_medium_size_mmc
 .text.dfu_read_medium_mmc
                0x000000001782000c       0xe4 drivers/built-in.o
                0x000000001782000c                dfu_read_medium_mmc
 .text.dfu_fill_entity_mmc
                0x00000000178200f0      0x320 drivers/built-in.o
                0x00000000178200f0                dfu_fill_entity_mmc
 .text.dfu_get_medium_size_sf
                0x0000000017820410        0x8 drivers/built-in.o
 .text.dfu_read_medium_sf
                0x0000000017820418       0x28 drivers/built-in.o
 .text.dfu_flush_medium_sf